// Jest Snapshot v1, https://goo.gl/fbAQLP

exports[`manifest load 1`] = `
Object {
  "version": "version",
}
`;
